{
  "tripIDs": [
    "00a326bd-1806-4292-a8f9-d295ba2bd9b9"
  ]
}
